// Jest Snapshot v1, https://goo.gl/fbAQLP

exports[`abort() sets the exit code 1`] = `1`
